
## INPUT: ##
/*---
title: My Title
something-else: My Metadata
some-structure:
  some-subpath: yes
  some-list:
  - first
  - second
  - third
---*/
export class SomethingOrOther {}

## OUTPUT.markdown: ##
---
title: My Title
something-else: My Metadata
some-structure:
some-subpath: yes
some-list:
- first
- second
- third
---
# My Title

- ExportNamedDeclaration

## OUTPUT.frontmatter: ##
{
  "raw": "---\ntitle: My Title\nsomething-else: My Metadata\nsome-structure:\nsome-subpath: yes\nsome-list:\n- first\n- second\n- third\n---",
  "parsed": {
    "title": "My Title",
    "something-else": "My Metadata",
    "some-structure": null,
    "some-subpath": "yes",
    "some-list": [
      "first",
      "second",
      "third"
    ]
  }
}
