
## INPUT: ##
// ---
// title: My Title
// something-else: My Metadata
// some-structure:
//   some-subpath: yes
//   some-list:
//   - first
//   - second
//   - third
// ---
export class SomethingOrOther {}

## OUTPUT.markdown: ##
---
title: My Title
something-else: My Metadata
some-structure:
  some-subpath: yes
  some-list:
  - first
  - second
  - third
---

# My Title

## SomethingOrOther (class)


## OUTPUT.frontmatter: ##
{
  "raw": "---\ntitle: My Title\nsomething-else: My Metadata\nsome-structure:\n  some-subpath: yes\n  some-list:\n  - first\n  - second\n  - third\n---\n",
  "parsed": {
    "title": "My Title",
    "something-else": "My Metadata",
    "some-structure": {
      "some-subpath": "yes",
      "some-list": [
        "first",
        "second",
        "third"
      ]
    }
  }
}
