
## INPUT: ##
/** The version of the library. */
export const VERSION: string;

/**
 * Does something with the numbers.
 *
 * Returns a nice number.
 */
export function myFunction(...args: Array<number>): number;

## OUTPUT.markdown: ##
# VERSION (exported string)

The version of the library.

```ts
const VERSION: string;
```

# myFunction (exported function)

Does something with the numbers.

Returns a nice number.

```ts
function myFunction(...args: Array<number>): number;
```

## OUTPUT.frontmatter: ##
null
