
## INPUT: ##
// ---
// title: "My Library"
// ---

/**
 * I just think it's neat.
 */
export const something: string;

## OUTPUT.markdown: ##
---
title: "My Library"
---

# My Library

## something (exported string)

I just think it's neat.

```ts
const something: string;
```

## OUTPUT.frontmatter: ##
{
  "raw": "---\ntitle: \"My Library\"\n---",
  "parsed": {
    "title": "My Library"
  }
}
## OUTPUT.warnings: ##
[]
