
## INPUT: ##
/**
 * Return the last component of a path string.
 *
 * Provides the same functionality as the unix binary of the same name.
 */
declare function basename(path: string | Path): string;

## OUTPUT.markdown: ##
# basename (function)

Return the last component of a path string.

Provides the same functionality as the unix binary of the same name.

```ts
declare function basename(path: string | Path): string;
```

## OUTPUT.frontmatter: ##
null
## OUTPUT.warnings: ##
[]
