
## INPUT: ##
declare var TOML: {
  /**
   * Parse a TOML document (`data`) into an object.
   */
  parse(data: string): { [key: string]: any };
  /**
   * Convert an object into a TOML document.
   */
  stringify(data: { [key: string]: any }): string;
};

## OUTPUT.markdown: ##
# TOML (object)

```ts
var TOML: {
  parse(data: string): {
    [key: string]: any;
  };
  stringify(data: { [key: string]: any }): string;
};
```

## OUTPUT.frontmatter: ##
null
