
## INPUT: ##
/**
 * Returns whether `value` is of type `type`. Useful for validating that values have the correct type at runtime, in library functions or etc.
 *
 * Run `help(is)` for more info.
 */
export const is: <T extends TypeValidator<any> | CoerceableToTypeValidator>(
  value: any,
  type: T
) => value is UnwrapTypeFromCoerceableOrValidator<T>;

/**
 * Alias to {@link is}, for Civet, because `is` is a reserved keyword in Civet.
 */
export const _is: typeof is;

## OUTPUT.markdown: ##
# is (exported function)

Returns whether `value` is of type `type`. Useful for validating that values have the correct type at runtime, in library functions or etc.

Run `help(is)` for more info.

```ts
const is: <T extends TypeValidator<any> | CoerceableToTypeValidator>(
  value: any,
  type: T,
) => value is UnwrapTypeFromCoerceableOrValidator<T>;
```

# \_is (exported value)

Alias to [is](#), for Civet, because `is` is a reserved keyword in Civet.

```ts
const _is: typeof is;
```

## OUTPUT.frontmatter: ##
null
